// Jest Snapshot v1, https://goo.gl/fbAQLP

exports[`renders correctly 1`] = `
<View
  style={
    Object {
      "flex": 1,
    }
  }
>
  <RNCSafeAreaProvider
    onInsetsChange={[Function]}
    style={
      Array [
        Object {
          "flex": 1,
        },
        undefined,
      ]
    }
  >
    <View
      pointerEvents="box-none"
      style={
        Object {
          "zIndex": 1,
        }
      }
    >
      <View
        accessibilityElementsHidden={false}
        importantForAccessibility="auto"
        onLayout={[Function]}
        pointerEvents="box-none"
        style={null}
      >
        <View
          style={
            Object {
              "opacity": 1,
            }
          }
        >
          <View
            style={
              Object {
                "alignItems": "center",
                "backgroundColor": "#005eb8",
                "flexDirection": "row",
                "minHeight": 60,
              }
            }
          >
            <View
              style={
                Object {
                  "alignItems": "center",
                  "display": "flex",
                  "flexBasis": 0,
                  "flexGrow": 1,
                  "flexShrink": 1,
                  "justifyContent": "center",
                }
              }
            >
              <View
                accessibilityLabel="Nhs Login App Welcome Screen"
                accessibilityRole="header"
              >
                <SvgMock
                  fill="#ffffff"
                  height={40}
                  width={60}
                />
              </View>
            </View>
          </View>
        </View>
      </View>
    </View>
    <View
      onLayout={[Function]}
      style={
        Object {
          "flex": 1,
        }
      }
    >
      <View
        pointerEvents="box-none"
        style={
          Object {
            "bottom": 0,
            "left": 0,
            "position": "absolute",
            "right": 0,
            "top": 0,
          }
        }
      >
        <View
          collapsable={false}
          style={
            Object {
              "opacity": 1,
            }
          }
        />
        <View
          accessibilityElementsHidden={false}
          closing={false}
          gestureVelocityImpact={0.3}
          importantForAccessibility="auto"
          onClose={[Function]}
          onGestureBegin={[Function]}
          onGestureCanceled={[Function]}
          onGestureEnd={[Function]}
          onOpen={[Function]}
          onTransition={[Function]}
          pointerEvents="box-none"
          style={
            Array [
              Object {
                "overflow": undefined,
              },
              Object {
                "bottom": 0,
                "left": 0,
                "position": "absolute",
                "right": 0,
                "top": 0,
              },
            ]
          }
          transitionSpec={
            Object {
              "close": Object {
                "animation": "spring",
                "config": Object {
                  "damping": 500,
                  "mass": 3,
                  "overshootClamping": true,
                  "restDisplacementThreshold": 10,
                  "restSpeedThreshold": 10,
                  "stiffness": 1000,
                },
              },
              "open": Object {
                "animation": "spring",
                "config": Object {
                  "damping": 500,
                  "mass": 3,
                  "overshootClamping": true,
                  "restDisplacementThreshold": 10,
                  "restSpeedThreshold": 10,
                  "stiffness": 1000,
                },
              },
            }
          }
        >
          <View
            needsOffscreenAlphaCompositing={false}
            pointerEvents="box-none"
            style={
              Object {
                "flex": 1,
              }
            }
          >
            <View
              enabled={false}
              hitSlop={
                Object {
                  "right": -700,
                }
              }
              maxDeltaY={20}
              minOffsetX={5}
              onHandlerStateChange={[Function]}
            >
              <View
                style={
                  Object {
                    "flex": 1,
                    "transform": Array [
                      Object {
                        "translateX": 0,
                      },
                      Object {
                        "translateX": 0,
                      },
                    ],
                  }
                }
              >
                <View
                  pointerEvents="none"
                  style={
                    Object {
                      "backgroundColor": "rgb(242, 242, 242)",
                      "bottom": 0,
                      "left": 0,
                      "position": "absolute",
                      "shadowColor": "#000",
                      "shadowOffset": Object {
                        "height": 1,
                        "width": -1,
                      },
                      "shadowOpacity": 0.3,
                      "shadowRadius": 5,
                      "top": 0,
                      "width": 3,
                    }
                  }
                />
                <View
                  style={
                    Array [
                      Object {
                        "flex": 1,
                        "overflow": "hidden",
                      },
                      Array [
                        Object {
                          "backgroundColor": "rgb(242, 242, 242)",
                        },
                        undefined,
                      ],
                    ]
                  }
                >
                  <View
                    style={
                      Object {
                        "flex": 1,
                        "flexDirection": "column-reverse",
                      }
                    }
                  >
                    <View
                      style={
                        Object {
                          "flex": 1,
                        }
                      }
                    >
                      <View
                        style={
                          Object {
                            "flex": 1,
                          }
                        }
                      >
                        <View
                          style={
                            Object {
                              "display": "flex",
                              "flex": 1,
                              "flexDirection": "column-reverse",
                              "marginBottom": 40,
                              "marginHorizontal": 20,
                            }
                          }
                        >
                          <View
                            accessibilityLabel="Continue with NHS Login"
                            accessibilityRole="button"
                            accessible={true}
                            focusable={true}
                            onBlur={[Function]}
                            onClick={[Function]}
                            onFocus={[Function]}
                            onResponderGrant={[Function]}
                            onResponderMove={[Function]}
                            onResponderRelease={[Function]}
                            onResponderTerminate={[Function]}
                            onResponderTerminationRequest={[Function]}
                            onStartShouldSetResponder={[Function]}
                          >
                            <View
                              style={
                                Object {
                                  "alignSelf": "flex-end",
                                  "display": "flex",
                                  "height": 60,
                                  "marginTop": 10,
                                  "width": "100%",
                                }
                              }
                            >
                              <SvgMock
                                style={
                                  Object {
                                    "alignSelf": "flex-end",
                                    "display": "flex",
                                    "height": 60,
                                    "marginTop": 10,
                                    "width": "100%",
                                  }
                                }
                              />
                            </View>
                          </View>
                          <View
                            accessibilityLabel="Modify Scopes"
                            accessibilityRole="button"
                            accessible={true}
                            focusable={true}
                            onClick={[Function]}
                            onResponderGrant={[Function]}
                            onResponderMove={[Function]}
                            onResponderRelease={[Function]}
                            onResponderTerminate={[Function]}
                            onResponderTerminationRequest={[Function]}
                            onStartShouldSetResponder={[Function]}
                            style={
                              Object {
                                "alignItems": "center",
                                "height": 57,
                                "marginTop": 5,
                              }
                            }
                          >
                            <View
                              style={
                                Array [
                                  Object {
                                    "alignItems": "center",
                                    "height": 53,
                                    "justifyContent": "center",
                                    "left": 0,
                                    "position": "absolute",
                                    "top": 0,
                                    "width": "100%",
                                    "zIndex": -1,
                                  },
                                ]
                              }
                            >
                              <View
                                style={
                                  Object {
                                    "alignItems": "center",
                                    "backgroundColor": "#414141",
                                    "borderRadius": 4,
                                    "height": 53,
                                    "justifyContent": "center",
                                    "left": 0,
                                    "marginTop": 4,
                                    "position": "absolute",
                                    "top": 0,
                                    "width": "100%",
                                    "zIndex": 3,
                                  }
                                }
                              />
                            </View>
                            <View
                              style={
                                Object {
                                  "backgroundColor": "#4c6272",
                                  "borderRadius": 4,
                                  "height": 53,
                                  "marginTop": 0,
                                  "padding": 14,
                                  "textTransform": "none",
                                  "width": "100%",
                                }
                              }
                            >
                              <Text
                                style={
                                  Object {
                                    "color": "#ffffff",
                                    "fontSize": 19,
                                    "fontWeight": "bold",
                                    "textAlign": "center",
                                  }
                                }
                              >
                                Modify Scopes
                              </Text>
                            </View>
                          </View>
                          <View
                            accessibilityLabel="Clear Data"
                            accessibilityRole="button"
                            accessible={true}
                            focusable={true}
                            onClick={[Function]}
                            onResponderGrant={[Function]}
                            onResponderMove={[Function]}
                            onResponderRelease={[Function]}
                            onResponderTerminate={[Function]}
                            onResponderTerminationRequest={[Function]}
                            onStartShouldSetResponder={[Function]}
                            style={
                              Object {
                                "alignItems": "center",
                                "height": 57,
                                "marginTop": 5,
                              }
                            }
                          >
                            <View
                              style={
                                Array [
                                  Object {
                                    "alignItems": "center",
                                    "height": 53,
                                    "justifyContent": "center",
                                    "left": 0,
                                    "position": "absolute",
                                    "top": 0,
                                    "width": "100%",
                                    "zIndex": -1,
                                  },
                                ]
                              }
                            >
                              <View
                                style={
                                  Object {
                                    "alignItems": "center",
                                    "backgroundColor": "#414141",
                                    "borderRadius": 4,
                                    "height": 53,
                                    "justifyContent": "center",
                                    "left": 0,
                                    "marginTop": 4,
                                    "position": "absolute",
                                    "top": 0,
                                    "width": "100%",
                                    "zIndex": 3,
                                  }
                                }
                              />
                            </View>
                            <View
                              style={
                                Object {
                                  "backgroundColor": "#4c6272",
                                  "borderRadius": 4,
                                  "height": 53,
                                  "marginTop": 0,
                                  "padding": 14,
                                  "textTransform": "none",
                                  "width": "100%",
                                }
                              }
                            >
                              <Text
                                style={
                                  Object {
                                    "color": "#ffffff",
                                    "fontSize": 19,
                                    "fontWeight": "bold",
                                    "textAlign": "center",
                                  }
                                }
                              >
                                Clear Data
                              </Text>
                            </View>
                          </View>
                        </View>
                      </View>
                    </View>
                  </View>
                </View>
              </View>
            </View>
          </View>
        </View>
      </View>
    </View>
  </RNCSafeAreaProvider>
</View>
`;
